packageJobJar: [] [/usr/lib/hadoop/hadoop-streaming-3.3.6.jar] /tmp/streamjob5747011684985315220.jar tmpDir=null
2026-09-02 17:13:02,369 INFO client.DefaultNoHARMFailoverProxyProvider: Connecting to ResourceManager at urlcount-cluster-m.c.gothic-point-507416-n5.internal./10.128.0.5:8032
2026-09-02 17:13:02,655 INFO client.AHSProxy: Connecting to Application History server at urlcount-cluster-m.c.gothic-point-507416-n5.internal./10.128.0.5:10200
2026-09-02 17:13:03,301 INFO client.DefaultNoHARMFailoverProxyProvider: Connecting to ResourceManager at urlcount-cluster-m.c.gothic-point-507416-n5.internal./10.128.0.5:8032
2026-09-02 17:13:03,302 INFO client.AHSProxy: Connecting to Application History server at urlcount-cluster-m.c.gothic-point-507416-n5.internal./10.128.0.5:10200
2026-09-02 17:13:03,610 INFO mapreduce.JobResourceUploader: Disabling Erasure Coding for path: /tmp/hadoop-yarn/staging/yuwa1155/.staging/job_1788369009870_0001
2026-09-02 17:13:04,329 INFO mapred.FileInputFormat: Total input files to process : 2
2026-09-02 17:13:04,483 INFO mapreduce.JobSubmitter: number of splits:10
2026-09-02 17:13:04,965 INFO mapreduce.JobSubmitter: Submitting tokens for job: job_1788369009870_0001
2026-09-02 17:13:04,965 INFO mapreduce.JobSubmitter: Executing with tokens: []
2026-09-02 17:13:05,197 INFO conf.Configuration: resource-types.xml not found
2026-09-02 17:13:05,198 INFO resource.ResourceUtils: Unable to find 'resource-types.xml'.
2026-09-02 17:13:05,728 INFO impl.YarnClientImpl: Submitted application application_1788369009870_0001
2026-09-02 17:13:05,876 INFO mapreduce.Job: The url to track the job: http://urlcount-cluster-m.c.gothic-point-507416-n5.internal.:8088/proxy/application_1788369009870_0001/
2026-09-02 17:13:05,881 INFO mapreduce.Job: Running job: job_1788369009870_0001
2026-09-02 17:13:22,221 INFO mapreduce.Job: Job job_1788369009870_0001 running in uber mode : false
2026-09-02 17:13:22,223 INFO mapreduce.Job:  map 0% reduce 0%
2026-09-02 17:13:29,329 INFO mapreduce.Job:  map 10% reduce 0%
2026-09-02 17:13:35,380 INFO mapreduce.Job:  map 20% reduce 0%
2026-09-02 17:13:38,408 INFO mapreduce.Job:  map 40% reduce 0%
2026-09-02 17:13:41,431 INFO mapreduce.Job:  map 50% reduce 0%
2026-09-02 17:13:47,473 INFO mapreduce.Job:  map 60% reduce 0%
2026-09-02 17:13:49,495 INFO mapreduce.Job:  map 80% reduce 0%
2026-09-02 17:13:53,522 INFO mapreduce.Job:  map 90% reduce 0%
2026-09-02 17:13:55,534 INFO mapreduce.Job:  map 100% reduce 0%
2026-09-02 17:14:02,577 INFO mapreduce.Job:  map 100% reduce 100%
2026-09-02 17:14:05,617 INFO mapreduce.Job: Job job_1788369009870_0001 completed successfully
2026-09-02 17:14:05,725 INFO mapreduce.Job: Counters: 55
	File System Counters
		FILE: Number of bytes read=121776
		FILE: Number of bytes written=3451349
		FILE: Number of read operations=0
		FILE: Number of large read operations=0
		FILE: Number of write operations=0
		HDFS: Number of bytes read=859896
		HDFS: Number of bytes written=402
		HDFS: Number of read operations=35
		HDFS: Number of large read operations=0
		HDFS: Number of write operations=3
		HDFS: Number of bytes read erasure-coded=0
	Job Counters 
		Killed map tasks=1
		Launched map tasks=10
		Launched reduce tasks=1
		Data-local map tasks=10
		Total time spent by all maps in occupied slots (ms)=247459378
		Total time spent by all reduces in occupied slots (ms)=17128879
		Total time spent by all map tasks (ms)=75514
		Total time spent by all reduce tasks (ms)=5227
		Total vcore-milliseconds taken by all map tasks=75514
		Total vcore-milliseconds taken by all reduce tasks=5227
		Total megabyte-milliseconds taken by all map tasks=247459378
		Total megabyte-milliseconds taken by all reduce tasks=17128879
	Map-Reduce Framework
		Map input records=3936
		Map output records=2457
		Map output bytes=116834
		Map output materialized bytes=121830
		Input split bytes=1040
		Combine input records=0
		Combine output records=0
		Reduce input groups=1973
		Reduce shuffle bytes=121830
		Reduce input records=2457
		Reduce output records=10
		Spilled Records=4914
		Shuffled Maps =10
		Failed Shuffles=0
		Merged Map outputs=10
		GC time elapsed (ms)=435
		CPU time spent (ms)=8210
		Physical memory (bytes) snapshot=5862948864
		Virtual memory (bytes) snapshot=51848048640
		Total committed heap usage (bytes)=5188354048
		Peak Map Physical memory (bytes)=573779968
		Peak Map Virtual memory (bytes)=4715884544
		Peak Reduce Physical memory (bytes)=335769600
		Peak Reduce Virtual memory (bytes)=4718039040
	Shuffle Errors
		BAD_ID=0
		CONNECTION=0
		IO_ERROR=0
		WRONG_LENGTH=0
		WRONG_MAP=0
		WRONG_REDUCE=0
	File Input Format Counters 
		Bytes Read=858856
	File Output Format Counters 
		Bytes Written=402
2026-09-02 17:14:05,727 INFO streaming.StreamJob: Output directory: url-output-2workers-100gb
real 67.396
user 10.035
sys 0.701
