packageJobJar: [] [/usr/lib/hadoop/hadoop-streaming-3.3.6.jar] /tmp/streamjob7006497426532225043.jar tmpDir=null
2026-09-02 17:17:37,678 INFO client.DefaultNoHARMFailoverProxyProvider: Connecting to ResourceManager at urlcount-cluster-m.c.gothic-point-507416-n5.internal./10.128.0.5:8032
2026-09-02 17:17:37,878 INFO client.AHSProxy: Connecting to Application History server at urlcount-cluster-m.c.gothic-point-507416-n5.internal./10.128.0.5:10200
2026-09-02 17:17:38,341 INFO client.DefaultNoHARMFailoverProxyProvider: Connecting to ResourceManager at urlcount-cluster-m.c.gothic-point-507416-n5.internal./10.128.0.5:8032
2026-09-02 17:17:38,342 INFO client.AHSProxy: Connecting to Application History server at urlcount-cluster-m.c.gothic-point-507416-n5.internal./10.128.0.5:10200
2026-09-02 17:17:38,591 INFO mapreduce.JobResourceUploader: Disabling Erasure Coding for path: /tmp/hadoop-yarn/staging/yuwa1155/.staging/job_1788369009870_0002
2026-09-02 17:17:39,863 INFO mapred.FileInputFormat: Total input files to process : 2
2026-09-02 17:17:39,982 INFO mapreduce.JobSubmitter: number of splits:10
2026-09-02 17:17:40,354 INFO mapreduce.JobSubmitter: Submitting tokens for job: job_1788369009870_0002
2026-09-02 17:17:40,354 INFO mapreduce.JobSubmitter: Executing with tokens: []
2026-09-02 17:17:40,566 INFO conf.Configuration: resource-types.xml not found
2026-09-02 17:17:40,566 INFO resource.ResourceUtils: Unable to find 'resource-types.xml'.
2026-09-02 17:17:40,715 INFO impl.YarnClientImpl: Submitted application application_1788369009870_0002
2026-09-02 17:17:40,781 INFO mapreduce.Job: The url to track the job: http://urlcount-cluster-m.c.gothic-point-507416-n5.internal.:8088/proxy/application_1788369009870_0002/
2026-09-02 17:17:40,783 INFO mapreduce.Job: Running job: job_1788369009870_0002
2026-09-02 17:18:00,043 INFO mapreduce.Job: Job job_1788369009870_0002 running in uber mode : false
2026-09-02 17:18:00,045 INFO mapreduce.Job:  map 0% reduce 0%
2026-09-02 17:18:09,161 INFO mapreduce.Job:  map 10% reduce 0%
2026-09-02 17:18:12,184 INFO mapreduce.Job:  map 20% reduce 0%
2026-09-02 17:18:13,191 INFO mapreduce.Job:  map 30% reduce 0%
2026-09-02 17:18:14,201 INFO mapreduce.Job:  map 50% reduce 0%
2026-09-02 17:18:16,226 INFO mapreduce.Job:  map 60% reduce 0%
2026-09-02 17:18:20,258 INFO mapreduce.Job:  map 80% reduce 0%
2026-09-02 17:18:23,283 INFO mapreduce.Job:  map 100% reduce 0%
2026-09-02 17:18:31,339 INFO mapreduce.Job:  map 100% reduce 100%
2026-09-02 17:18:33,367 INFO mapreduce.Job: Job job_1788369009870_0002 completed successfully
2026-09-02 17:18:33,469 INFO mapreduce.Job: Counters: 55
	File System Counters
		FILE: Number of bytes read=121776
		FILE: Number of bytes written=3451349
		FILE: Number of read operations=0
		FILE: Number of large read operations=0
		FILE: Number of write operations=0
		HDFS: Number of bytes read=859896
		HDFS: Number of bytes written=402
		HDFS: Number of read operations=35
		HDFS: Number of large read operations=0
		HDFS: Number of write operations=3
		HDFS: Number of bytes read erasure-coded=0
	Job Counters 
		Launched map tasks=10
		Launched reduce tasks=1
		Data-local map tasks=6
		Rack-local map tasks=4
		Total time spent by all maps in occupied slots (ms)=364277874
		Total time spent by all reduces in occupied slots (ms)=16099901
		Total time spent by all map tasks (ms)=111162
		Total time spent by all reduce tasks (ms)=4913
		Total vcore-milliseconds taken by all map tasks=111162
		Total vcore-milliseconds taken by all reduce tasks=4913
		Total megabyte-milliseconds taken by all map tasks=364277874
		Total megabyte-milliseconds taken by all reduce tasks=16099901
	Map-Reduce Framework
		Map input records=3936
		Map output records=2457
		Map output bytes=116834
		Map output materialized bytes=121830
		Input split bytes=1040
		Combine input records=0
		Combine output records=0
		Reduce input groups=1973
		Reduce shuffle bytes=121830
		Reduce input records=2457
		Reduce output records=10
		Spilled Records=4914
		Shuffled Maps =10
		Failed Shuffles=0
		Merged Map outputs=10
		GC time elapsed (ms)=562
		CPU time spent (ms)=9130
		Physical memory (bytes) snapshot=5809778688
		Virtual memory (bytes) snapshot=51869360128
		Total committed heap usage (bytes)=5082447872
		Peak Map Physical memory (bytes)=582180864
		Peak Map Virtual memory (bytes)=4723634176
		Peak Reduce Physical memory (bytes)=312266752
		Peak Reduce Virtual memory (bytes)=4715962368
	Shuffle Errors
		BAD_ID=0
		CONNECTION=0
		IO_ERROR=0
		WRONG_LENGTH=0
		WRONG_MAP=0
		WRONG_REDUCE=0
	File Input Format Counters 
		Bytes Read=858856
	File Output Format Counters 
		Bytes Written=402
2026-09-02 17:18:33,471 INFO streaming.StreamJob: Output directory: url-output-4workers-100gb
real 59.509
user 9.260
sys 0.659
